2026-05-02 20:56:46 [32minfo[39m: [32mRunning client registry as a stand alone[39m
2026-05-02 20:56:46 [32minfo[39m: [32mChecking if all elasticsearch plugins are installed[39m
2026-05-02 20:56:46 [32minfo[39m: [32mChecking if all elasticsearch plugins are installed[39m
2026-05-02 20:56:46 [32minfo[39m: [32mAll plugins are available[39m
2026-05-02 20:56:46 [32minfo[39m: [32mJaro winkler loaded successfully[39m
2026-05-02 20:57:32 [32minfo[39m: [32mRunning client registry as a stand alone[39m
2026-05-02 20:57:32 [32minfo[39m: [32mChecking if all elasticsearch plugins are installed[39m
2026-05-02 20:57:32 [32minfo[39m: [32mChecking if all elasticsearch plugins are installed[39m
2026-05-02 20:57:32 [32minfo[39m: [32mAll plugins are available[39m
2026-05-02 20:57:32 [32minfo[39m: [32mJaro winkler loaded successfully[39m
2026-05-02 20:57:32 [32minfo[39m: [32mUpdating config file[39m
2026-05-02 20:57:32 [32minfo[39m: [32mDone updating config file[39m
2026-05-02 20:57:32 [32minfo[39m: [32mDone loading Default data[39m
2026-05-02 20:57:32 [32minfo[39m: [32mGetting http://localhost:8081/hapi-fhir-jpaserver/fhir/Basic/patientreport from server[39m
2026-05-02 20:57:32 [32minfo[39m: [32mServer is running and listening on port: 3000[39m
2026-05-02 20:57:32 [32minfo[39m: [32mServer is running and listening on port: 3000[39m
2026-05-02 20:57:32 [31merror[39m: [31m{[39m
[31m  url: 'http://localhost:8081/hapi-fhir-jpaserver/fhir/Basic/patientreport',[39m
[31m  withCredentials: true,[39m
[31m  auth: { username: 'hapi', password: 'hapi', user: 'hapi', pass: 'hapi' },[39m
[31m  headers: {}[39m
[31m}[39m
2026-05-02 20:57:32 [31merror[39m: [31m<!doctype html><html lang="en"><head><title>HTTP Status 404 – Not Found</title><style type="text/css">body {font-family:Tahoma,Arial,sans-serif;} h1, h2, h3, b {color:white;background-color:#525D76;} h1 {font-size:22px;} h2 {font-size:16px;} h3 {font-size:14px;} p {font-size:12px;} a {color:black;} .line {height:1px;background-color:#525D76;border:none;}</style></head><body><h1>HTTP Status 404 – Not Found</h1><hr class="line" /><p><b>Type</b> Status Report</p><p><b>Description</b> The origin server did not find a current representation for the target resource or is not willing to disclose that one exists.</p><hr class="line" /><h3>Apache Tomcat/9.0.38</h3></body></html>[39m
2026-05-02 20:57:32 [31merror[39m: [31mNon JSON has been returned while getting data for resource Basic[39m
2026-05-02 20:57:32 [32minfo[39m: [32mprocessing relationship ID undefined[39m
