2026-05-02 21:00:00 [32minfo[39m: [32mRunning cron job for patients reprocessing[39m
2026-05-02 21:00:00 [32minfo[39m: [32mGetting http://localhost:8080/hapi/fhir/Patient?_tag=require-reprocess from server[39m
2026-05-02 21:05:41 [32minfo[39m: [32mRunning client registry as a stand alone[39m
2026-05-02 21:05:41 [32minfo[39m: [32mChecking if all elasticsearch plugins are installed[39m
2026-05-02 21:05:41 [32minfo[39m: [32mChecking if all elasticsearch plugins are installed[39m
2026-05-02 21:05:41 [32minfo[39m: [32mAll plugins are available[39m
2026-05-02 21:05:41 [32minfo[39m: [32mJaro winkler loaded successfully[39m
2026-05-02 21:05:41 [32minfo[39m: [32mUpdating config file[39m
2026-05-02 21:05:41 [32minfo[39m: [32mDone updating config file[39m
2026-05-02 21:05:41 [32minfo[39m: [32mDone loading Default data[39m
2026-05-02 21:05:41 [32minfo[39m: [32mGetting http://localhost:8081/hapi-fhir-jpaserver/fhir/Basic/patientreport from server[39m
2026-05-02 21:05:41 [32minfo[39m: [32mServer is running and listening on port: 3000[39m
2026-05-02 21:05:41 [32minfo[39m: [32mServer is running and listening on port: 3000[39m
2026-05-02 21:05:41 [31merror[39m: [31m{[39m
[31m  url: 'http://localhost:8081/hapi-fhir-jpaserver/fhir/Basic/patientreport',[39m
[31m  withCredentials: true,[39m
[31m  auth: { username: 'hapi', password: 'hapi', user: 'hapi', pass: 'hapi' },[39m
[31m  headers: {}[39m
[31m}[39m
2026-05-02 21:05:41 [31merror[39m: [31m<!doctype html><html lang="en"><head><title>HTTP Status 404 – Not Found</title><style type="text/css">body {font-family:Tahoma,Arial,sans-serif;} h1, h2, h3, b {color:white;background-color:#525D76;} h1 {font-size:22px;} h2 {font-size:16px;} h3 {font-size:14px;} p {font-size:12px;} a {color:black;} .line {height:1px;background-color:#525D76;border:none;}</style></head><body><h1>HTTP Status 404 – Not Found</h1><hr class="line" /><p><b>Type</b> Status Report</p><p><b>Description</b> The origin server did not find a current representation for the target resource or is not willing to disclose that one exists.</p><hr class="line" /><h3>Apache Tomcat/9.0.38</h3></body></html>[39m
2026-05-02 21:05:41 [31merror[39m: [31mNon JSON has been returned while getting data for resource Basic[39m
2026-05-02 21:05:41 [32minfo[39m: [32mprocessing relationship ID undefined[39m
2026-05-02 21:08:51 [32minfo[39m: [32mRunning client registry as a stand alone[39m
2026-05-02 21:08:51 [32minfo[39m: [32mChecking if all elasticsearch plugins are installed[39m
2026-05-02 21:08:51 [32minfo[39m: [32mChecking if all elasticsearch plugins are installed[39m
2026-05-02 21:08:51 [32minfo[39m: [32mAll plugins are available[39m
2026-05-02 21:08:51 [32minfo[39m: [32mJaro winkler loaded successfully[39m
2026-05-02 21:08:51 [32minfo[39m: [32mUpdating config file[39m
2026-05-02 21:08:51 [32minfo[39m: [32mDone updating config file[39m
2026-05-02 21:08:51 [32minfo[39m: [32mDone loading Default data[39m
2026-05-02 21:08:51 [32minfo[39m: [32mGetting http://localhost:8081/hapi-fhir-jpaserver/fhir/Basic/patientreport from server[39m
2026-05-02 21:08:51 [32minfo[39m: [32mServer is running and listening on port: 3000[39m
2026-05-02 21:08:51 [32minfo[39m: [32mServer is running and listening on port: 3000[39m
2026-05-02 21:08:51 [31merror[39m: [31m{[39m
[31m  url: 'http://localhost:8081/hapi-fhir-jpaserver/fhir/Basic/patientreport',[39m
[31m  withCredentials: true,[39m
[31m  auth: { username: 'hapi', password: 'hapi', user: 'hapi', pass: 'hapi' },[39m
[31m  headers: {}[39m
[31m}[39m
2026-05-02 21:08:51 [31merror[39m: [31m<!doctype html><html lang="en"><head><title>HTTP Status 404 – Not Found</title><style type="text/css">body {font-family:Tahoma,Arial,sans-serif;} h1, h2, h3, b {color:white;background-color:#525D76;} h1 {font-size:22px;} h2 {font-size:16px;} h3 {font-size:14px;} p {font-size:12px;} a {color:black;} .line {height:1px;background-color:#525D76;border:none;}</style></head><body><h1>HTTP Status 404 – Not Found</h1><hr class="line" /><p><b>Type</b> Status Report</p><p><b>Description</b> The origin server did not find a current representation for the target resource or is not willing to disclose that one exists.</p><hr class="line" /><h3>Apache Tomcat/9.0.38</h3></body></html>[39m
2026-05-02 21:08:51 [31merror[39m: [31mNon JSON has been returned while getting data for resource Basic[39m
2026-05-02 21:08:51 [32minfo[39m: [32mprocessing relationship ID undefined[39m
2026-05-02 21:14:24 [32minfo[39m: [32mRunning client registry as a stand alone[39m
2026-05-02 21:14:24 [32minfo[39m: [32mChecking if all elasticsearch plugins are installed[39m
2026-05-02 21:14:24 [32minfo[39m: [32mChecking if all elasticsearch plugins are installed[39m
2026-05-02 21:14:24 [32minfo[39m: [32mAll plugins are available[39m
2026-05-02 21:14:24 [32minfo[39m: [32mJaro winkler loaded successfully[39m
2026-05-02 21:14:24 [32minfo[39m: [32mUpdating config file[39m
2026-05-02 21:14:24 [32minfo[39m: [32mDone updating config file[39m
2026-05-02 21:14:24 [32minfo[39m: [32mDone loading Default data[39m
2026-05-02 21:14:24 [32minfo[39m: [32mGetting http://localhost:8081/hapi-fhir-jpaserver/fhir/Basic/patientreport from server[39m
2026-05-02 21:14:24 [32minfo[39m: [32mServer is running and listening on port: 3000[39m
2026-05-02 21:14:24 [32minfo[39m: [32mServer is running and listening on port: 3000[39m
2026-05-02 21:14:24 [31merror[39m: [31m{[39m
[31m  url: 'http://localhost:8081/hapi-fhir-jpaserver/fhir/Basic/patientreport',[39m
[31m  withCredentials: true,[39m
[31m  auth: { username: 'hapi', password: 'hapi', user: 'hapi', pass: 'hapi' },[39m
[31m  headers: {}[39m
[31m}[39m
2026-05-02 21:14:24 [31merror[39m: [31m<!doctype html><html lang="en"><head><title>HTTP Status 404 – Not Found</title><style type="text/css">body {font-family:Tahoma,Arial,sans-serif;} h1, h2, h3, b {color:white;background-color:#525D76;} h1 {font-size:22px;} h2 {font-size:16px;} h3 {font-size:14px;} p {font-size:12px;} a {color:black;} .line {height:1px;background-color:#525D76;border:none;}</style></head><body><h1>HTTP Status 404 – Not Found</h1><hr class="line" /><p><b>Type</b> Status Report</p><p><b>Description</b> The origin server did not find a current representation for the target resource or is not willing to disclose that one exists.</p><hr class="line" /><h3>Apache Tomcat/9.0.38</h3></body></html>[39m
2026-05-02 21:14:24 [31merror[39m: [31mNon JSON has been returned while getting data for resource Basic[39m
2026-05-02 21:14:24 [32minfo[39m: [32mprocessing relationship ID undefined[39m
2026-05-02 21:18:41 [32minfo[39m: [32mRunning client registry as a stand alone[39m
2026-05-02 21:18:41 [32minfo[39m: [32mChecking if all elasticsearch plugins are installed[39m
2026-05-02 21:18:41 [32minfo[39m: [32mChecking if all elasticsearch plugins are installed[39m
2026-05-02 21:18:41 [32minfo[39m: [32mAll plugins are available[39m
2026-05-02 21:18:41 [32minfo[39m: [32mJaro winkler loaded successfully[39m
2026-05-02 21:18:41 [32minfo[39m: [32mUpdating config file[39m
2026-05-02 21:18:41 [32minfo[39m: [32mDone updating config file[39m
2026-05-02 21:18:41 [32minfo[39m: [32mDone loading Default data[39m
2026-05-02 21:18:41 [32minfo[39m: [32mGetting http://localhost:8081/hapi-fhir-jpaserver/fhir/Basic/patientreport from server[39m
2026-05-02 21:18:41 [32minfo[39m: [32mServer is running and listening on port: 3000[39m
2026-05-02 21:18:41 [32minfo[39m: [32mServer is running and listening on port: 3000[39m
2026-05-02 21:18:41 [31merror[39m: [31m{[39m
[31m  url: 'http://localhost:8081/hapi-fhir-jpaserver/fhir/Basic/patientreport',[39m
[31m  withCredentials: true,[39m
[31m  auth: { username: 'hapi', password: 'hapi', user: 'hapi', pass: 'hapi' },[39m
[31m  headers: {}[39m
[31m}[39m
2026-05-02 21:18:41 [31merror[39m: [31m<!doctype html><html lang="en"><head><title>HTTP Status 404 – Not Found</title><style type="text/css">body {font-family:Tahoma,Arial,sans-serif;} h1, h2, h3, b {color:white;background-color:#525D76;} h1 {font-size:22px;} h2 {font-size:16px;} h3 {font-size:14px;} p {font-size:12px;} a {color:black;} .line {height:1px;background-color:#525D76;border:none;}</style></head><body><h1>HTTP Status 404 – Not Found</h1><hr class="line" /><p><b>Type</b> Status Report</p><p><b>Description</b> The origin server did not find a current representation for the target resource or is not willing to disclose that one exists.</p><hr class="line" /><h3>Apache Tomcat/9.0.38</h3></body></html>[39m
2026-05-02 21:18:41 [31merror[39m: [31mNon JSON has been returned while getting data for resource Basic[39m
2026-05-02 21:18:41 [32minfo[39m: [32mprocessing relationship ID undefined[39m
2026-05-02 21:18:59 [32minfo[39m: [32mRunning client registry as a stand alone[39m
2026-05-02 21:18:59 [32minfo[39m: [32mChecking if all elasticsearch plugins are installed[39m
2026-05-02 21:18:59 [32minfo[39m: [32mChecking if all elasticsearch plugins are installed[39m
2026-05-02 21:18:59 [32minfo[39m: [32mAll plugins are available[39m
2026-05-02 21:18:59 [32minfo[39m: [32mJaro winkler loaded successfully[39m
2026-05-02 21:18:59 [32minfo[39m: [32mUpdating config file[39m
2026-05-02 21:18:59 [32minfo[39m: [32mDone updating config file[39m
2026-05-02 21:18:59 [32minfo[39m: [32mDone loading Default data[39m
2026-05-02 21:18:59 [32minfo[39m: [32mGetting http://localhost:8081/hapi-fhir-jpaserver/fhir/Basic/patientreport from server[39m
2026-05-02 21:18:59 [32minfo[39m: [32mServer is running and listening on port: 3000[39m
2026-05-02 21:18:59 [32minfo[39m: [32mServer is running and listening on port: 3000[39m
2026-05-02 21:18:59 [31merror[39m: [31m{[39m
[31m  url: 'http://localhost:8081/hapi-fhir-jpaserver/fhir/Basic/patientreport',[39m
[31m  withCredentials: true,[39m
[31m  auth: { username: 'hapi', password: 'hapi', user: 'hapi', pass: 'hapi' },[39m
[31m  headers: {}[39m
[31m}[39m
2026-05-02 21:18:59 [31merror[39m: [31m<!doctype html><html lang="en"><head><title>HTTP Status 404 – Not Found</title><style type="text/css">body {font-family:Tahoma,Arial,sans-serif;} h1, h2, h3, b {color:white;background-color:#525D76;} h1 {font-size:22px;} h2 {font-size:16px;} h3 {font-size:14px;} p {font-size:12px;} a {color:black;} .line {height:1px;background-color:#525D76;border:none;}</style></head><body><h1>HTTP Status 404 – Not Found</h1><hr class="line" /><p><b>Type</b> Status Report</p><p><b>Description</b> The origin server did not find a current representation for the target resource or is not willing to disclose that one exists.</p><hr class="line" /><h3>Apache Tomcat/9.0.38</h3></body></html>[39m
2026-05-02 21:18:59 [31merror[39m: [31mNon JSON has been returned while getting data for resource Basic[39m
2026-05-02 21:18:59 [32minfo[39m: [32mprocessing relationship ID undefined[39m
2026-05-02 21:28:45 [32minfo[39m: [32mRunning client registry as a stand alone[39m
2026-05-02 21:28:45 [32minfo[39m: [32mChecking if all elasticsearch plugins are installed[39m
2026-05-02 21:28:45 [32minfo[39m: [32mChecking if all elasticsearch plugins are installed[39m
2026-05-02 21:28:45 [32minfo[39m: [32mAll plugins are available[39m
2026-05-02 21:28:45 [32minfo[39m: [32mJaro winkler loaded successfully[39m
2026-05-02 21:28:45 [32minfo[39m: [32mUpdating config file[39m
2026-05-02 21:28:45 [32minfo[39m: [32mDone updating config file[39m
2026-05-02 21:28:45 [32minfo[39m: [32mDone loading Default data[39m
2026-05-02 21:28:45 [32minfo[39m: [32mGetting http://localhost:8081/hapi-fhir-jpaserver/fhir/Basic/patientreport from server[39m
2026-05-02 21:28:45 [32minfo[39m: [32mServer is running and listening on port: 3000[39m
2026-05-02 21:28:45 [32minfo[39m: [32mServer is running and listening on port: 3000[39m
2026-05-02 21:28:45 [31merror[39m: [31m{[39m
[31m  url: 'http://localhost:8081/hapi-fhir-jpaserver/fhir/Basic/patientreport',[39m
[31m  withCredentials: true,[39m
[31m  auth: { username: 'hapi', password: 'hapi', user: 'hapi', pass: 'hapi' },[39m
[31m  headers: {}[39m
[31m}[39m
2026-05-02 21:28:45 [31merror[39m: [31m<!doctype html><html lang="en"><head><title>HTTP Status 404 – Not Found</title><style type="text/css">body {font-family:Tahoma,Arial,sans-serif;} h1, h2, h3, b {color:white;background-color:#525D76;} h1 {font-size:22px;} h2 {font-size:16px;} h3 {font-size:14px;} p {font-size:12px;} a {color:black;} .line {height:1px;background-color:#525D76;border:none;}</style></head><body><h1>HTTP Status 404 – Not Found</h1><hr class="line" /><p><b>Type</b> Status Report</p><p><b>Description</b> The origin server did not find a current representation for the target resource or is not willing to disclose that one exists.</p><hr class="line" /><h3>Apache Tomcat/9.0.38</h3></body></html>[39m
2026-05-02 21:28:45 [31merror[39m: [31mNon JSON has been returned while getting data for resource Basic[39m
2026-05-02 21:28:45 [32minfo[39m: [32mprocessing relationship ID undefined[39m
2026-05-02 21:48:28 [32minfo[39m: [32mRunning client registry as a stand alone[39m
2026-05-02 21:48:28 [32minfo[39m: [32mChecking if all elasticsearch plugins are installed[39m
2026-05-02 21:48:28 [32minfo[39m: [32mChecking if all elasticsearch plugins are installed[39m
2026-05-02 21:48:28 [32minfo[39m: [32mLoading Patient.StructureDefinition.xml into FHIR server...[39m
2026-05-02 21:48:28 [32minfo[39m: [32mSaving StructureDefinition - Patient[39m
2026-05-02 21:48:28 [31merror[39m: [31mIt seems like opensearch/elasticsearch is not running, please check to ensure it is up and running[39m
2026-05-02 21:48:28 [31merror[39m: [31mAn error has occured while adding probabilistic jaro winkler script for elasticsearch[39m
2026-05-02 21:48:28 [31merror[39m: [31mThe socket connection was closed unexpectedly. For more information, pass `verbose: true` in the second argument to fetch()[39m
2026-05-02 21:49:03 [32minfo[39m: [32mRunning client registry as a stand alone[39m
2026-05-02 21:49:03 [32minfo[39m: [32mChecking if all elasticsearch plugins are installed[39m
2026-05-02 21:49:03 [32minfo[39m: [32mChecking if all elasticsearch plugins are installed[39m
2026-05-02 21:49:03 [32minfo[39m: [32mLoading Patient.StructureDefinition.xml into FHIR server...[39m
2026-05-02 21:49:03 [32minfo[39m: [32mSaving StructureDefinition - Patient[39m
2026-05-02 21:49:04 [31merror[39m: [31mIt seems like opensearch/elasticsearch is not running, please check to ensure it is up and running[39m
2026-05-02 21:49:04 [31merror[39m: [31mAn error has occured while adding probabilistic jaro winkler script for elasticsearch[39m
2026-05-02 21:49:04 [31merror[39m: [31mThe socket connection was closed unexpectedly. For more information, pass `verbose: true` in the second argument to fetch()[39m
2026-05-02 21:49:46 [32minfo[39m: [32mRunning client registry as a stand alone[39m
2026-05-02 21:49:46 [32minfo[39m: [32mChecking if all elasticsearch plugins are installed[39m
2026-05-02 21:49:46 [32minfo[39m: [32mChecking if all elasticsearch plugins are installed[39m
2026-05-02 21:49:46 [32minfo[39m: [32mLoading Patient.StructureDefinition.xml into FHIR server...[39m
2026-05-02 21:49:46 [32minfo[39m: [32mSaving StructureDefinition - Patient[39m
2026-05-02 21:49:46 [31merror[39m: [31mIt seems like opensearch/elasticsearch is not running, please check to ensure it is up and running[39m
2026-05-02 21:49:46 [31merror[39m: [31mAn error has occured while adding probabilistic jaro winkler script for elasticsearch[39m
2026-05-02 21:49:46 [31merror[39m: [31mThe socket connection was closed unexpectedly. For more information, pass `verbose: true` in the second argument to fetch()[39m
2026-05-02 21:49:51 [32minfo[39m: [32mRunning client registry as a stand alone[39m
2026-05-02 21:49:51 [32minfo[39m: [32mChecking if all elasticsearch plugins are installed[39m
2026-05-02 21:49:51 [32minfo[39m: [32mChecking if all elasticsearch plugins are installed[39m
2026-05-02 21:49:51 [32minfo[39m: [32mLoading Patient.StructureDefinition.xml into FHIR server...[39m
2026-05-02 21:49:51 [32minfo[39m: [32mSaving StructureDefinition - Patient[39m
2026-05-02 21:49:51 [31merror[39m: [31mIt seems like opensearch/elasticsearch is not running, please check to ensure it is up and running[39m
2026-05-02 21:49:51 [31merror[39m: [31mAn error has occured while adding probabilistic jaro winkler script for elasticsearch[39m
2026-05-02 21:49:51 [31merror[39m: [31mThe socket connection was closed unexpectedly. For more information, pass `verbose: true` in the second argument to fetch()[39m
2026-05-02 21:50:17 [32minfo[39m: [32mRunning client registry as a stand alone[39m
2026-05-02 21:50:17 [32minfo[39m: [32mChecking if all elasticsearch plugins are installed[39m
2026-05-02 21:50:17 [32minfo[39m: [32mChecking if all elasticsearch plugins are installed[39m
2026-05-02 21:50:17 [32minfo[39m: [32mLoading Patient.StructureDefinition.xml into FHIR server...[39m
2026-05-02 21:50:17 [32minfo[39m: [32mSaving StructureDefinition - Patient[39m
2026-05-02 21:50:17 [31merror[39m: [31mIt seems like opensearch/elasticsearch is not running, please check to ensure it is up and running[39m
2026-05-02 21:50:17 [31merror[39m: [31mAn error has occured while adding probabilistic jaro winkler script for elasticsearch[39m
2026-05-02 21:50:17 [31merror[39m: [31mThe socket connection was closed unexpectedly. For more information, pass `verbose: true` in the second argument to fetch()[39m
